
> formaos@2.2.4 prebuild
> npm run check-root && CHECK_ENV_STRICT=1 npm run check-env


> formaos@2.2.4 check-root
> node scripts/check-root.js


> formaos@2.2.4 check-env
> node scripts/check-env.js


> formaos@2.2.4 build
> __NEXT_PRIVATE_STANDALONE_CONFIG= next build --webpack

▲ Next.js 16.1.7 (webpack)
- Environments: .env.local
- Experiments (use with caution):
  · optimizePackageImports

  Creating an optimized production build ...
✓ Compiled successfully in 22.6s
  Running TypeScript ...
  Collecting page data using 7 workers ...
⚠ Using edge runtime on a page currently disables static generation for that page
  Generating static pages using 7 workers (0/231) ...
  Generating static pages using 7 workers (57/231) 
  Generating static pages using 7 workers (115/231) 
[RateLimit] Redis unavailable. Falling back to in-memory limiter (degraded enforcement). {
  keyPrefix: 'rl:export',
  userId: null,
  identifier: 'unknown',
  fallbackMode: 'in_memory'
}
  Generating static pages using 7 workers (173/231) 
✓ Generating static pages using 7 workers (231/231) in 1649.6ms
  Finalizing page optimization ...
  Collecting build traces ...

Route (app)                                            Revalidate  Expire
┌ ○ /
├ ○ /_not-found
├ ○ /about
├ ƒ /about/opengraph-image-1v42b1
├ ƒ /accept-invite/[token]
├ ƒ /accept-organization-invite/[membershipId]
├ ƒ /admin
├ ƒ /admin/activity
├ ƒ /admin/audit
├ ƒ /admin/billing
├ ƒ /admin/bulk
├ ƒ /admin/control-plane
├ ƒ /admin/customer-health
├ ƒ /admin/dashboard
├ ƒ /admin/exports
├ ƒ /admin/features
├ ƒ /admin/health
├ ƒ /admin/orgs
├ ƒ /admin/orgs/[orgId]
├ ƒ /admin/releases
├ ƒ /admin/revenue
├ ƒ /admin/security
├ ƒ /admin/security-live
├ ƒ /admin/security/triage
├ ƒ /admin/sessions
├ ƒ /admin/settings
├ ƒ /admin/support
├ ƒ /admin/system
├ ƒ /admin/trials
├ ƒ /admin/usage-analytics
├ ƒ /admin/users
├ ƒ /api/activity
├ ƒ /api/activity/track
├ ƒ /api/admin/activity
├ ƒ /api/admin/audit
├ ƒ /api/admin/audit/run
├ ƒ /api/admin/bulk
├ ƒ /api/admin/control-plane
├ ƒ /api/admin/control-plane/stream
├ ƒ /api/admin/exports
├ ƒ /api/admin/exports/[jobId]
├ ƒ /api/admin/features
├ ƒ /api/admin/health
├ ƒ /api/admin/orgs
├ ƒ /api/admin/orgs/[orgId]
├ ƒ /api/admin/orgs/[orgId]/billing/refund
├ ƒ /api/admin/orgs/[orgId]/billing/retry-invoice
├ ƒ /api/admin/orgs/[orgId]/entitlements
├ ƒ /api/admin/orgs/[orgId]/lifecycle
├ ƒ /api/admin/orgs/[orgId]/lock
├ ƒ /api/admin/orgs/[orgId]/members/[userId]
├ ƒ /api/admin/orgs/[orgId]/notes
├ ƒ /api/admin/orgs/[orgId]/plan
├ ƒ /api/admin/orgs/[orgId]/trial/extend
├ ƒ /api/admin/orgs/[orgId]/trial/reset
├ ƒ /api/admin/overview
├ ƒ /api/admin/releases
├ ƒ /api/admin/releases/[releaseId]
├ ƒ /api/admin/security
├ ƒ /api/admin/security-live
├ ƒ /api/admin/sessions
├ ƒ /api/admin/subscriptions
├ ƒ /api/admin/subscriptions/[orgId]/resync-stripe
├ ƒ /api/admin/support
├ ƒ /api/admin/support/[requestId]
├ ƒ /api/admin/support/automation-failures
├ ƒ /api/admin/support/billing-timeline
├ ƒ /api/admin/system
├ ƒ /api/admin/trials
├ ƒ /api/admin/trials/extend
├ ƒ /api/admin/users
├ ƒ /api/admin/users/[userId]/lock
├ ƒ /api/admin/users/[userId]/resend-confirmation
├ ƒ /api/auth/bootstrap
├ ƒ /api/auth/clear-session
├ ƒ /api/auth/email-signup
├ ƒ /api/auth/health
├ ƒ /api/auth/password/reset-request
├ ƒ /api/auth/password/update
├ ƒ /api/auth/password/validate
├ ƒ /api/auth/resend-confirmation
├ ƒ /api/auth/signup
├ ƒ /api/automation/approvals
├ ƒ /api/automation/cron
├ ƒ /api/automation/workflows
├ ƒ /api/automation/workflows/[id]
├ ƒ /api/automation/workflows/[id]/executions
├ ƒ /api/billing/webhook
├ ƒ /api/care-operations/credential-alerts
├ ƒ /api/care-operations/scorecard
├ ƒ /api/compliance/exports/[jobId]/status
├ ƒ /api/compliance/exports/create
├ ƒ /api/compliance/snapshots/history
├ ƒ /api/compliance/snapshots/regression
├ ƒ /api/cron/compliance-check
├ ƒ /api/cron/compliance-exports
├ ƒ /api/cron/enterprise-exports
├ ƒ /api/cron/report-exports
├ ƒ /api/cron/security-retention
├ ƒ /api/customer-health/rankings
├ ƒ /api/customer-health/score
├ ƒ /api/debug/bootstrap
├ ƒ /api/debug/env
├ ƒ /api/debug/founder
├ ƒ /api/debug/log
├ ƒ /api/debug/supabase
├ ƒ /api/debug/supabase-functions
├ ƒ /api/demo/seed
├ ƒ /api/email/test
├ ƒ /api/executive/audit-forecast
├ ƒ /api/executive/frameworks
├ ƒ /api/executive/posture
├ ƒ /api/exports/enterprise/[jobId]
├ ƒ /api/feedback
├ ƒ /api/frameworks/registry
├ ƒ /api/governance/classification
├ ƒ /api/governance/isolation
├ ƒ /api/governance/pii
├ ƒ /api/governance/residency
├ ƒ /api/governance/retention
├ ƒ /api/governance/retention/execute
├ ƒ /api/health
├ ƒ /api/health/detailed
├ ƒ /api/identity/audit
├ ƒ /api/incidents/export
├ ƒ /api/intelligence/framework-health
├ ƒ /api/intelligence/summary
├ ƒ /api/internal/trigger/compliance-export
├ ƒ /api/internal/trigger/enterprise-export
├ ƒ /api/internal/trigger/queue-process
├ ƒ /api/internal/trigger/report-export
├ ƒ /api/internal/trigger/webhook-delivery
├ ƒ /api/notifications
├ ƒ /api/notifications/channels
├ ƒ /api/notifications/preferences
├ ƒ /api/notifications/unread-count
├ ƒ /api/onboarding-state
├ ƒ /api/onboarding/checklist
├ ƒ /api/onboarding/select-plan
├ ƒ /api/queue/process
├ ƒ /api/reports/export
├ ƒ /api/reports/exports/[jobId]/status
├ ƒ /api/runtime/control-plane
├ ƒ /api/runtime/control-plane/stream
├ ƒ /api/scim/v2
├ ƒ /api/scim/v2/[id]
├ ƒ /api/scim/v2/Bulk
├ ƒ /api/scim/v2/Groups
├ ƒ /api/scim/v2/Groups/[groupId]
├ ƒ /api/scim/v2/ResourceTypes
├ ƒ /api/scim/v2/Schemas
├ ƒ /api/scim/v2/ServiceProviderConfig
├ ƒ /api/scim/v2/Users
├ ƒ /api/scim/v2/Users/[id]
├ ƒ /api/search
├ ƒ /api/security/log
├ ƒ /api/security/mfa/disable
├ ƒ /api/security/mfa/enable
├ ƒ /api/security/mfa/setup
├ ƒ /api/session/heartbeat
├ ƒ /api/session/revoke
├ ƒ /api/sso/config
├ ƒ /api/sso/directory-sync
├ ƒ /api/sso/discover
├ ƒ /api/sso/metadata
├ ƒ /api/sso/saml/acs/[orgId]
├ ƒ /api/sso/saml/login/[orgId]
├ ƒ /api/sso/saml/metadata/[orgId]
├ ƒ /api/sso/test
├ ƒ /api/staff-credentials/export
├ ƒ /api/status/cron
├ ƒ /api/support/tickets
├ ƒ /api/system-state
├ ƒ /api/trial/value-recap
├ ƒ /api/trust-packet/generate
├ ○ /api/trust-packet/vendor
├ ƒ /api/v1/ai/chat
├ ƒ /api/v1/ai/conversations
├ ƒ /api/v1/ai/conversations/[id]
├ ƒ /api/v1/ai/usage
├ ƒ /api/v1/analytics/trends
├ ƒ /api/v1/api-keys
├ ƒ /api/v1/api-keys/[keyId]
├ ƒ /api/v1/audit-logs
├ ƒ /api/v1/certificates
├ ƒ /api/v1/compliance
├ ƒ /api/v1/controls
├ ƒ /api/v1/controls/[controlId]
├ ƒ /api/v1/data-residency
├ ƒ /api/v1/evidence
├ ƒ /api/v1/form-templates
├ ƒ /api/v1/forms
├ ƒ /api/v1/forms/[formId]
├ ƒ /api/v1/forms/[formId]/analytics
├ ƒ /api/v1/forms/[formId]/duplicate
├ ƒ /api/v1/forms/[formId]/publish
├ ƒ /api/v1/forms/[formId]/submissions
├ ƒ /api/v1/forms/[formId]/submissions/[submissionId]
├ ƒ /api/v1/frameworks
├ ƒ /api/v1/integrations
├ ƒ /api/v1/integrations/[integrationId]
├ ƒ /api/v1/integrations/[integrationId]/events
├ ƒ /api/v1/members
├ ƒ /api/v1/members/[memberId]
├ ƒ /api/v1/notifications
├ ƒ /api/v1/organizations
├ ƒ /api/v1/reports
├ ƒ /api/v1/reports/[reportId]
├ ƒ /api/v1/reports/custom
├ ƒ /api/v1/reports/custom/[reportId]
├ ƒ /api/v1/reports/custom/[reportId]/generate
├ ƒ /api/v1/reports/custom/[reportId]/schedule
├ ƒ /api/v1/search
├ ƒ /api/v1/search/analytics
├ ƒ /api/v1/search/recent
├ ƒ /api/v1/search/saved
├ ƒ /api/v1/search/saved/[id]
├ ƒ /api/v1/search/suggest
├ ƒ /api/v1/search/unified
├ ƒ /api/v1/soc2/readiness
├ ƒ /api/v1/soc2/report
├ ƒ /api/v1/tasks
├ ƒ /api/v1/webhooks
├ ƒ /api/v1/webhooks/[id]
├ ƒ /api/v1/webhooks/deliveries
├ ƒ /api/v1/webhooks/test
├ ƒ /api/version
├ ƒ /api/workflows
├ ƒ /api/workflows/[workflowId]
├ ƒ /api/workflows/[workflowId]/execute
├ ƒ /api/workflows/[workflowId]/toggle
├ ƒ /api/workflows/approvals
├ ƒ /api/workflows/executions
├ ƒ /app
├ ƒ /app/activity
├ ƒ /app/admin
├ ƒ /app/admin/orgs/[orgId]
├ ƒ /app/api/email/send
├ ƒ /app/api/invitations/create
├ ƒ /app/api/policies/update
├ ƒ /app/audit
├ ƒ /app/audit-trail
├ ƒ /app/audit/export/[userId]
├ ƒ /app/billing
├ ƒ /app/capa
├ ƒ /app/care-plans
├ ƒ /app/care-plans/[id]
├ ƒ /app/care-plans/new
├ ƒ /app/certificates
├ ƒ /app/compliance
├ ƒ /app/compliance/cross-map
├ ƒ /app/compliance/frameworks
├ ƒ /app/compliance/soc2
├ ƒ /app/dashboard
├ ƒ /app/dashboard/builder
├ ƒ /app/evidence
├ ƒ /app/evidence/gaps
├ ƒ /app/executive
├ ƒ /app/executive/group
├ ƒ /app/forms
├ ƒ /app/forms/[formId]/submissions
├ ƒ /app/forms/builder/[id]
├ ƒ /app/governance
├ ƒ /app/history
├ ƒ /app/incidents
├ ƒ /app/incidents/[id]
├ ƒ /app/incidents/[id]/investigation
├ ƒ /app/incidents/analytics
├ ƒ /app/incidents/new
├ ƒ /app/ndis-claiming
├ ƒ /app/onboarding-roadmap
├ ƒ /app/participants
├ ƒ /app/participants/[id]
├ ƒ /app/participants/[id]/medications
├ ƒ /app/participants/new
├ ƒ /app/patients
├ ƒ /app/patients/[id]
├ ƒ /app/people
├ ƒ /app/policies
├ ƒ /app/policies/[id]
├ ƒ /app/policies/new
├ ƒ /app/policies/versions
├ ƒ /app/profile
├ ƒ /app/progress-notes
├ ƒ /app/registers
├ ƒ /app/registers/training
├ ƒ /app/reports
├ ƒ /app/reports/custom
├ ƒ /app/reports/trends
├ ƒ /app/search
├ ƒ /app/settings
├ ƒ /app/settings/ai
├ ƒ /app/settings/auditor-access
├ ƒ /app/settings/email-history
├ ƒ /app/settings/email-preferences
├ ƒ /app/settings/executive-digest
├ ƒ /app/settings/integrations
├ ƒ /app/settings/integrations/marketplace
├ ƒ /app/settings/notifications
├ ƒ /app/settings/organization
├ ƒ /app/settings/retention
├ ƒ /app/settings/roles
├ ƒ /app/settings/security
├ ƒ /app/staff
├ ƒ /app/staff-compliance
├ ƒ /app/staff-compliance/[id]
├ ƒ /app/staff-compliance/new
├ ƒ /app/tasks
├ ƒ /app/tasks/board
├ ƒ /app/tasks/calendar
├ ƒ /app/team
├ ƒ /app/team/org-chart
├ ƒ /app/vault
├ ƒ /app/vault/review
├ ƒ /app/visits
├ ƒ /app/visits/[id]
├ ƒ /app/visits/new
├ ƒ /app/workflows
├ ƒ /app/workflows/[id]
├ ○ /audit-evidence-management
├ ƒ /audit-portal/[token]
├ ƒ /audit-portal/[token]/controls
├ ƒ /audit-portal/[token]/evidence
├ ƒ /audit-portal/[token]/reports
├ ○ /auth
├ ○ /auth-redirect
├ ƒ /auth/callback
├ ○ /auth/check-email
├ ƒ /auth/confirm
├ ƒ /auth/confirm/error
├ ○ /auth/forgot-password
├ ○ /auth/login
├ ○ /auth/plan-select
├ ○ /auth/reset-password
├ ○ /auth/signin
├ ƒ /auth/signout
├ ○ /auth/signup
├ ○ /blog
├ ● /blog/[slug]
│ ├ /blog/compliance-operating-system
│ ├ /blog/ndis-practice-standards-2025
│ ├ /blog/immutable-audit-trails
│ └ [+8 more paths]
├ ƒ /blog/[slug]/opengraph-image-yqks0s
├ ○ /changelog
├ ○ /compare
├ ○ /compare/auditboard
├ ○ /compare/drata
├ ƒ /compare/drata/opengraph-image-1j3fg6
├ ○ /compare/hyperproof
├ ƒ /compare/opengraph-image-1a82j7
├ ○ /compare/secureframe
├ ƒ /compare/secureframe/opengraph-image-fhiroe
├ ○ /compare/vanta
├ ƒ /compare/vanta/opengraph-image-1jfs6t
├ ○ /contact
├ ○ /customer-stories
├ ○ /customer-stories/template
├ ○ /documentation
├ ○ /documentation/api
├ ○ /enterprise
├ ○ /enterprise-proof
├ ○ /evaluate
├ ○ /faq
├ ○ /features
├ ○ /frameworks
├ ○ /govern
├ ○ /healthcare-compliance-platform
├ ○ /icon.svg
├ ○ /industries
├ ○ /integrations
├ ○ /iso-compliance-software
├ ○ /join
├ ○ /legal
├ ○ /legal/privacy
├ ○ /legal/terms
├ ○ /ndis-compliance-system
├ ƒ /onboarding
├ ƒ /opengraph-image
├ ○ /operate
├ ƒ /organization/[orgId]/audit
├ ○ /our-story
├ ○ /pricing
├ ƒ /pricing/opengraph-image-15m7k7
├ ƒ /privacy
├ ○ /product
├ ƒ /product/opengraph-image-15qh44
├ ○ /prove
├ ○ /roadmap
├ ○ /robots.txt
├ ○ /security
├ ○ /security-review
├ ○ /security-review/faq
├ ƒ /security/opengraph-image-a9xnla
├ ○ /signin
├ ○ /sitemap.xml
├ ○ /soc2-compliance-automation
├ ○ /status                                                    1m      1y
├ ƒ /submit/[formId]
├ ○ /terms
├ ○ /trust
├ ○ /trust/data-handling
├ ○ /trust/dpa
├ ○ /trust/incident-response
├ ○ /trust/packet
├ ○ /trust/procurement
├ ○ /trust/sla
├ ○ /trust/subprocessors
├ ○ /trust/vendor-assurance
├ ○ /unauthorized
├ ○ /use-cases/financial-services
├ ○ /use-cases/government-public-sector
├ ○ /use-cases/healthcare
├ ○ /use-cases/incident-management
├ ○ /use-cases/ndis-aged-care
├ ○ /use-cases/workforce-credentials
├ ○ /what-is-a-compliance-operating-system
└ ƒ /workspace-recovery


ƒ Proxy (Middleware)

○  (Static)   prerendered as static content
●  (SSG)      prerendered as static HTML (uses generateStaticParams)
ƒ  (Dynamic)  server-rendered on demand

